heading_title = Products expected

table_heading_products = Products
table_heading_date_expected = Date Expected
table_heading_action = Action

text_info_date_expected = Date Expected:

text_result_page = Page {{listing_from}} of {{listing_total}}
text_display_number_of_link = Display <strong>{{listing_from}}</strong> to <strong>{{listing_to}}</strong> (on <strong>{{listing_total}}</strong>)