heading_title = Produits en arrivage

table_heading_products = Produits
table_heading_date_expected = Date prévue d'arrivée
table_heading_action = Action

text_info_date_expected = Date prévue d'arrivée:

text_result_page = Page {{listing_from}} sur {{listing_total}}
text_display_number_of_link = Affiche <strong>{{listing_from}}</strong> à <strong>{{listing_to}}</strong> (sur <strong>{{listing_total}}</strong>)